# Bake Begins!
### (1 of 6) Copy sources
$ cp -a /home/travis/build/fontdirectory/istokweb/METADATA.json /home/travis/build/fontdirectory/istokweb/builds/build
$ cp -a /home/travis/build/fontdirectory/istokweb/DESCRIPTION.en_us.html /home/travis/build/fontdirectory/istokweb/builds/build
$ cp -a /home/travis/build/fontdirectory/istokweb/FONTLOG.txt /home/travis/build/fontdirectory/istokweb/builds/build
$ cp -a IstokWeb-BoldItalic.ttf.ttx IstokWeb-Bold.ttf.ttx IstokWeb-Regular.ttf.ttx IstokWeb-Italic.ttf.ttx IstokWeb-BoldItalic.ttf.O_S_2f_2.ttx IstokWeb-BoldItalic.ttf._g_l_y_f.ttx IstokWeb-BoldItalic.ttf._c_v_t.ttx IstokWeb-BoldItalic.ttf._p_o_s_t.ttx IstokWeb-BoldItalic.ttf._h_h_e_a.ttx IstokWeb-BoldItalic.ttf.GlyphOrder.ttx IstokWeb-BoldItalic.ttf._f_p_g_m.ttx IstokWeb-BoldItalic.ttf._l_o_c_a.ttx IstokWeb-BoldItalic.ttf._n_a_m_e.ttx IstokWeb-BoldItalic.ttf._p_r_e_p.ttx IstokWeb-BoldItalic.ttf._m_a_x_p.ttx IstokWeb-BoldItalic.ttf._h_m_t_x.ttx IstokWeb-BoldItalic.ttf.F_F_T_M_.ttx IstokWeb-BoldItalic.ttf._h_e_a_d.ttx IstokWeb-BoldItalic.ttf._c_m_a_p.ttx IstokWeb-BoldItalic.ttf.G_S_U_B_.ttx IstokWeb-BoldItalic.ttf.G_D_E_F_.ttx IstokWeb-BoldItalic.ttf.G_P_O_S_.ttx IstokWeb-Bold.ttf._f_p_g_m.ttx IstokWeb-Bold.ttf._p_r_e_p.ttx IstokWeb-Bold.ttf._c_m_a_p.ttx IstokWeb-Bold.ttf._n_a_m_e.ttx IstokWeb-Bold.ttf.F_F_T_M_.ttx IstokWeb-Bold.ttf.G_D_E_F_.ttx IstokWeb-Bold.ttf.G_S_U_B_.ttx IstokWeb-Bold.ttf.G_P_O_S_.ttx IstokWeb-Bold.ttf._h_m_t_x.ttx IstokWeb-Bold.ttf.O_S_2f_2.ttx IstokWeb-Bold.ttf._l_o_c_a.ttx IstokWeb-Bold.ttf._m_a_x_p.ttx IstokWeb-Bold.ttf._p_o_s_t.ttx IstokWeb-Bold.ttf.GlyphOrder.ttx IstokWeb-Bold.ttf._h_h_e_a.ttx IstokWeb-Bold.ttf._h_e_a_d.ttx IstokWeb-Bold.ttf._g_l_y_f.ttx IstokWeb-Bold.ttf._c_v_t.ttx IstokWeb-Regular.ttf._l_o_c_a.ttx IstokWeb-Regular.ttf.O_S_2f_2.ttx IstokWeb-Regular.ttf._p_o_s_t.ttx IstokWeb-Regular.ttf.GlyphOrder.ttx IstokWeb-Regular.ttf._g_l_y_f.ttx IstokWeb-Regular.ttf.G_S_U_B_.ttx IstokWeb-Regular.ttf._h_m_t_x.ttx IstokWeb-Regular.ttf._c_v_t.ttx IstokWeb-Regular.ttf.F_F_T_M_.ttx IstokWeb-Regular.ttf._h_e_a_d.ttx IstokWeb-Regular.ttf._m_a_x_p.ttx IstokWeb-Regular.ttf._h_h_e_a.ttx IstokWeb-Regular.ttf._f_p_g_m.ttx IstokWeb-Regular.ttf.G_D_E_F_.ttx IstokWeb-Regular.ttf._p_r_e_p.ttx IstokWeb-Regular.ttf._n_a_m_e.ttx IstokWeb-Regular.ttf.G_P_O_S_.ttx IstokWeb-Regular.ttf._c_m_a_p.ttx IstokWeb-Italic.ttf._c_m_a_p.ttx IstokWeb-Italic.ttf.GlyphOrder.ttx IstokWeb-Italic.ttf._p_r_e_p.ttx IstokWeb-Italic.ttf._h_m_t_x.ttx IstokWeb-Italic.ttf._p_o_s_t.ttx IstokWeb-Italic.ttf._h_h_e_a.ttx IstokWeb-Italic.ttf.G_D_E_F_.ttx IstokWeb-Italic.ttf.F_F_T_M_.ttx IstokWeb-Italic.ttf._c_v_t.ttx IstokWeb-Italic.ttf.G_P_O_S_.ttx IstokWeb-Italic.ttf._h_e_a_d.ttx IstokWeb-Italic.ttf._f_p_g_m.ttx IstokWeb-Italic.ttf.G_S_U_B_.ttx IstokWeb-Italic.ttf._g_l_y_f.ttx IstokWeb-Italic.ttf._n_a_m_e.ttx IstokWeb-Italic.ttf.O_S_2f_2.ttx IstokWeb-Italic.ttf._l_o_c_a.ttx IstokWeb-Italic.ttf._m_a_x_p.ttx /home/travis/build/fontdirectory/istokweb/builds/build/sources
### (2 of 6) pyfontaine
### (3 of 6) Run upstream tests
$ fontbakery-check.py upstream-repo sources
$ fontaine --collections subsets --text /home/travis/build/fontdirectory/istokweb/builds/build/sources/IstokWeb-BoldItalic.ttf.ttx /home/travis/build/fontdirectory/istokweb/builds/build/sources/IstokWeb-Bold.ttf.ttx /home/travis/build/fontdirectory/istokweb/builds/build/sources/IstokWeb-Regular.ttf.ttx /home/travis/build/fontdirectory/istokweb/builds/build/sources/IstokWeb-Italic.ttf.ttx > fontaine.txt
WARNING: Please install [PyICU](https://pypi.python.org/pypi/PyICU) toenable [feature], perhaps with: pip install pyicu
bakery_lint.tests.upstream.test_prepolation.FontTestPrepolation.test_font_prepolation_glyph_contours(): OK
end of pyfontaine process
bakery_lint.tests.upstream.test_prepolation.FontTestPrepolation.test_font_prepolation_glyph_points(): OK
bakery_lint.tests.upstream.test_prepolation.FontTestPrepolation.test_font_test_prepolation_glyph_names(): OK
bakery_lint.tests.upstream.test_check_upstream_sources.ProjectUpstreamTestCase.test_bakery_yaml_exists(): OK
bakery_lint.tests.upstream.test_check_upstream_sources.ProjectUpstreamTestCase.test_copyright_notices_same_across_family(): OK
bakery_lint.tests.upstream.test_check_upstream_sources.ProjectUpstreamTestCase.test_description_html_exists(): OK
bakery_lint.tests.upstream.test_check_upstream_sources.ProjectUpstreamTestCase.test_fontlog_txt_exists(): OK
bakery_lint.tests.upstream.test_check_upstream_sources.ProjectUpstreamTestCase.test_metadata_json_exists(): OK
bakery_lint.tests.upstream.test_diacritic.TestDiacritic.test_diacritic_made_as_component(): OK
bakery_lint.tests.upstream.test_diacritic.TestDiacritic.test_diacritic_made_as_mark_to_mark(): OK
bakery_lint.tests.upstream.test_diacritic.TestDiacritic.test_diacritic_made_as_own_glyphs(): OK
$ fontbakery-check.py upstream-ttx IstokWeb-BoldItalic.ttf.ttx
bakery_lint.tests.upstream.test_check_ttx_requirements.SourceTTXTest.test_epar_in_keys(): FAIL
bakery_lint.tests.upstream.test_check_ttx_requirements.SourceTTXTest.test_os2_in_keys(): OK
bakery_lint.tests.upstream.test_check_ttx_requirements.SourceTTXTest.test_ttx_doesnt_contain_duplicate_glyphs(): OK
bakery_lint.tests.upstream.test_glyphname_does_not_contain_disallowed_chars.TestGlyphNameDoesNotContainsDisallowedChars.test_glyphname_does_not_contain_disallowed_chars(): FAIL
bakery_lint.tests.upstream.test_check_ttx_fontfamily_recommendations.TTX_FontFamilyNamingTest.test_ttx_family_naming_recommendation(): OK
bakery_lint.tests.upstream.test_font_filename_eq_familystyle.TestTTFSourceFontFileNameEqualsFamilyStyle.test_source_ttf_font_filename_equals_familystyle(): FAIL
$ mv /home/travis/build/fontdirectory/istokweb/builds/build/sources/IstokWeb-BoldItalic.ttf.ttx /home/travis/build/fontdirectory/istokweb/builds/build/sources/IstokWeb-BoldItalic.ttx
bakery_lint.tests.upstream.test_font_filename_eq_familystyle.TestTTFSourceFontFileNameEqualsFamilyStyle.test_source_ttf_font_filename_equals_familystyle(): OK
$ fontbakery-check.py upstream-ttx IstokWeb-Bold.ttf.ttx
bakery_lint.tests.upstream.test_check_ttx_requirements.SourceTTXTest.test_epar_in_keys(): FAIL
bakery_lint.tests.upstream.test_check_ttx_requirements.SourceTTXTest.test_os2_in_keys(): OK
bakery_lint.tests.upstream.test_check_ttx_requirements.SourceTTXTest.test_ttx_doesnt_contain_duplicate_glyphs(): OK
bakery_lint.tests.upstream.test_glyphname_does_not_contain_disallowed_chars.TestGlyphNameDoesNotContainsDisallowedChars.test_glyphname_does_not_contain_disallowed_chars(): FAIL
bakery_lint.tests.upstream.test_check_ttx_fontfamily_recommendations.TTX_FontFamilyNamingTest.test_ttx_family_naming_recommendation(): OK
bakery_lint.tests.upstream.test_font_filename_eq_familystyle.TestTTFSourceFontFileNameEqualsFamilyStyle.test_source_ttf_font_filename_equals_familystyle(): FAIL
$ mv /home/travis/build/fontdirectory/istokweb/builds/build/sources/IstokWeb-Bold.ttf.ttx /home/travis/build/fontdirectory/istokweb/builds/build/sources/IstokWeb-Bold.ttx
bakery_lint.tests.upstream.test_font_filename_eq_familystyle.TestTTFSourceFontFileNameEqualsFamilyStyle.test_source_ttf_font_filename_equals_familystyle(): OK
$ fontbakery-check.py upstream-ttx IstokWeb-Regular.ttf.ttx
bakery_lint.tests.upstream.test_check_ttx_requirements.SourceTTXTest.test_epar_in_keys(): FAIL
bakery_lint.tests.upstream.test_check_ttx_requirements.SourceTTXTest.test_os2_in_keys(): OK
bakery_lint.tests.upstream.test_check_ttx_requirements.SourceTTXTest.test_ttx_doesnt_contain_duplicate_glyphs(): OK
bakery_lint.tests.upstream.test_glyphname_does_not_contain_disallowed_chars.TestGlyphNameDoesNotContainsDisallowedChars.test_glyphname_does_not_contain_disallowed_chars(): FAIL
bakery_lint.tests.upstream.test_check_ttx_fontfamily_recommendations.TTX_FontFamilyNamingTest.test_ttx_family_naming_recommendation(): OK
bakery_lint.tests.upstream.test_font_filename_eq_familystyle.TestTTFSourceFontFileNameEqualsFamilyStyle.test_source_ttf_font_filename_equals_familystyle(): FAIL
$ mv /home/travis/build/fontdirectory/istokweb/builds/build/sources/IstokWeb-Regular.ttf.ttx /home/travis/build/fontdirectory/istokweb/builds/build/sources/IstokWeb-Regular.ttx
bakery_lint.tests.upstream.test_font_filename_eq_familystyle.TestTTFSourceFontFileNameEqualsFamilyStyle.test_source_ttf_font_filename_equals_familystyle(): OK
$ fontbakery-check.py upstream-ttx IstokWeb-Italic.ttf.ttx
bakery_lint.tests.upstream.test_check_ttx_requirements.SourceTTXTest.test_epar_in_keys(): FAIL
bakery_lint.tests.upstream.test_check_ttx_requirements.SourceTTXTest.test_os2_in_keys(): OK
bakery_lint.tests.upstream.test_check_ttx_requirements.SourceTTXTest.test_ttx_doesnt_contain_duplicate_glyphs(): OK
bakery_lint.tests.upstream.test_glyphname_does_not_contain_disallowed_chars.TestGlyphNameDoesNotContainsDisallowedChars.test_glyphname_does_not_contain_disallowed_chars(): FAIL
bakery_lint.tests.upstream.test_check_ttx_fontfamily_recommendations.TTX_FontFamilyNamingTest.test_ttx_family_naming_recommendation(): OK
bakery_lint.tests.upstream.test_font_filename_eq_familystyle.TestTTFSourceFontFileNameEqualsFamilyStyle.test_source_ttf_font_filename_equals_familystyle(): FAIL
$ mv /home/travis/build/fontdirectory/istokweb/builds/build/sources/IstokWeb-Italic.ttf.ttx /home/travis/build/fontdirectory/istokweb/builds/build/sources/IstokWeb-Italic.ttx
bakery_lint.tests.upstream.test_font_filename_eq_familystyle.TestTTFSourceFontFileNameEqualsFamilyStyle.test_source_ttf_font_filename_equals_familystyle(): OK
### (4 of 6) Convert sources to TTF
$ ttx -d /home/travis/build/fontdirectory/istokweb/builds/build /home/travis/build/fontdirectory/istokweb/builds/build/sources/IstokWeb-Regular.ttx /home/travis/build/fontdirectory/istokweb/builds/build/sources/IstokWeb-Italic.ttx /home/travis/build/fontdirectory/istokweb/builds/build/sources/IstokWeb-BoldItalic.ttx /home/travis/build/fontdirectory/istokweb/builds/build/sources/IstokWeb-Bold.ttx
ERROR: BUILD FAILED
Compiling "/home/travis/build/fontdirectory/istokweb/builds/build/sources/IstokWeb-Regular.ttx" to "/home/travis/build/fontdirectory/istokweb/builds/build/IstokWeb-Regular.ttf"...
Parsing 'GlyphOrder' table...
Parsing 'head' table...
Parsing 'hhea' table...
Parsing 'maxp' table...
Parsing 'OS/2' table...
Parsing 'hmtx' table...
Parsing 'cmap' table...
Parsing 'fpgm' table...
Parsing 'prep' table...
Parsing 'cvt ' table...
Parsing 'loca' table...
Parsing 'glyf' table...
Parsing 'name' table...
Parsing 'post' table...
Parsing 'FFTM' table...
Parsing 'GDEF' table...
Parsing 'GPOS' table...
Parsing 'GSUB' table...
